[2026-05-19 16:39:50,555] root - INFO - Enter thr try bllock
[2026-05-19 16:39:50,556] root - INFO - Initiate the data ingestion
[2026-05-19 16:40:01,483] root - INFO - Performed train test split on the dataframe
[2026-05-19 16:40:01,484] root - INFO - Exited split_data_as_train_test method of DataIngestion class
[2026-05-19 16:40:01,484] root - INFO - Exporting training and testing data to file path 
[2026-05-19 16:40:01,531] root - INFO - Exported training and testing data to file path successfully
[2026-05-19 16:40:01,532] root - INFO - Data ingestion is completed and artifact is created
[2026-05-19 16:40:01,537] root - INFO - Initiate the data validation
[2026-05-19 16:40:01,620] root - INFO - Required number of columns: 2
[2026-05-19 16:40:01,620] root - INFO - Dataframe has columns: 31
[2026-05-19 16:40:01,620] root - INFO - Required number of columns: 2
[2026-05-19 16:40:01,620] root - INFO - Dataframe has columns: 31
[2026-05-19 16:40:01,740] root - INFO - Data validation is completed and artifact is created
[2026-05-19 16:40:01,741] root - INFO - Entered the initiate_data_transformation method of DataTransformation class
[2026-05-19 16:40:01,741] root - INFO - Starting data transformation
[2026-05-19 16:40:01,827] root - INFO - Entered the get_data_transformer_object method of DataTransformation class
[2026-05-19 16:40:01,827] root - INFO - Initialise KNNImputer with {'missing_values': nan, 'n_neighbors': 3, 'weights': 'uniform'}
[2026-05-19 16:40:01,847] root - INFO - Entered the save_object method of MainUtils class
[2026-05-19 16:40:01,854] root - INFO - Data transformation is completed and artifact is created
[2026-05-19 16:40:01,854] root - INFO - Model Training is started
