[2026-05-20 14:37:53,407] root - INFO - Enter thr try bllock
[2026-05-20 14:37:53,408] root - INFO - Initiate the data ingestion
[2026-05-20 14:38:06,614] root - INFO - Performed train test split on the dataframe
[2026-05-20 14:38:06,614] root - INFO - Exited split_data_as_train_test method of DataIngestion class
[2026-05-20 14:38:06,614] root - INFO - Exporting training and testing data to file path 
[2026-05-20 14:38:06,681] root - INFO - Exported training and testing data to file path successfully
[2026-05-20 14:38:06,682] root - INFO - Data ingestion is completed and artifact is created
[2026-05-20 14:38:06,717] root - INFO - Initiate the data validation
[2026-05-20 14:38:06,863] root - INFO - Required number of columns: 2
[2026-05-20 14:38:06,864] root - INFO - Dataframe has columns: 31
[2026-05-20 14:38:06,864] root - INFO - Required number of columns: 2
[2026-05-20 14:38:06,864] root - INFO - Dataframe has columns: 31
[2026-05-20 14:38:07,103] root - INFO - Data validation is completed and artifact is created
[2026-05-20 14:38:07,105] root - INFO - Entered the initiate_data_transformation method of DataTransformation class
[2026-05-20 14:38:07,105] root - INFO - Starting data transformation
[2026-05-20 14:38:07,292] root - INFO - Entered the get_data_transformer_object method of DataTransformation class
[2026-05-20 14:38:07,293] root - INFO - Initialise KNNImputer with {'missing_values': nan, 'n_neighbors': 3, 'weights': 'uniform'}
[2026-05-20 14:38:07,317] root - INFO - Entered the save_object method of MainUtils class
[2026-05-20 14:38:07,324] root - INFO - Data transformation is completed and artifact is created
[2026-05-20 14:38:07,325] root - INFO - Model Training is started
[2026-05-20 14:47:58,849] root - INFO - Entered the save_object method of MainUtils class
[2026-05-20 14:47:58,958] root - INFO - Model trainer artifact: ModelTrainerArtifact(trained_model_file_path='Artifacts\\05202026__143728\\model_trainer\\trained_model\\model.pkl', train_metric_artifact=ClassificationMetricArtifact(f1_score=0.9912867274569402, precision_score=0.9888821507984638, recall_score=0.9937030266097908), test_metric_artifact=ClassificationMetricArtifact(f1_score=0.9717741935483871, precision_score=0.9670947030497592, recall_score=0.9764991896272285))
[2026-05-20 14:47:58,967] root - INFO - Model training artifact is created
